// Jest Snapshot v1, https://goo.gl/fbAQLP

exports[`molecules/icon/SelectIcon.vue snapshot 1`] = `"<div class=\\"icon active\\"><span>1</span></div>"`;
