// Jest Snapshot v1, https://goo.gl/fbAQLP

exports[`organisms/BottomNavigation.vue snapshot 1`] = `"<div class=\\"v-bottom-navigation v-item-group theme--light v-bottom-navigation--grow v-bottom-navigation--fixed v-bottom-navigation--shift\\" style=\\"height: 56px; transform: none; background-color: rgb(25, 118, 210); border-color: #1976d2; color: rgb(250, 250, 250); caret-color: #fafafa;\\"><a value=\\"workouts\\" class=\\"v-btn v-btn--contained v-btn--router theme--light v-btn--active v-size--default\\"><span class=\\"v-btn__content\\"><span class=\\"button-text\\">Workouts</span> <i aria-hidden=\\"true\\" class=\\"v-icon notranslate fa fa-dumbbell theme--light\\"></i></span></a><a value=\\"schedule\\" class=\\"v-btn v-btn--contained v-btn--router theme--light v-size--default\\"><span class=\\"v-btn__content\\"><span class=\\"button-text\\">Schedule</span> <i aria-hidden=\\"true\\" class=\\"v-icon notranslate fa fa-calendar-alt theme--light\\"></i></span></a><a value=\\"workouts-data\\" class=\\"v-btn v-btn--contained v-btn--router theme--light v-size--default\\"><span class=\\"v-btn__content\\"><span class=\\"button-text\\">Workouts Data</span> <i aria-hidden=\\"true\\" class=\\"v-icon notranslate fa fa-list-alt theme--light\\"></i></span></a><a value=\\"health-planet\\" class=\\"v-btn v-btn--contained v-btn--router theme--light v-size--default\\"><span class=\\"v-btn__content\\"><span class=\\"button-text\\">Health Planet</span> <i aria-hidden=\\"true\\" class=\\"v-icon notranslate fa fa-globe theme--light\\"></i></span></a></div>"`;
