// Jest Snapshot v1, https://goo.gl/fbAQLP

exports[`organisms/WorkoutListGroup.vue snapshot 1`] = `"<div role=\\"listbox\\" class=\\"v-item-group theme--light v-list-item-group\\"><div class=\\"v-subheader theme--light\\">Sub Title</div> <div tabindex=\\"0\\" role=\\"listitem\\" aria-selected=\\"false\\" class=\\"v-list-item v-list-item--link theme--light\\"><div class=\\"v-list-item__icon\\"><div class=\\"icon active\\"><span>1</span></div></div> <div class=\\"v-list-item__content\\"><div class=\\"v-list-item__title\\">item</div></div></div></div>"`;
